******************************************************************************
                  MSP430 Linker PC v15.12.3                    
******************************************************************************
>> Linked Tue Jul 03 11:56:49 2018

OUTPUT FILE NAME:   <SmartCar.out>
ENTRY POINT SYMBOL: "_c_int00_noargs_noexit"  address: 0000cf4e


MEMORY CONFIGURATION

         name            origin    length      used     unused   attr    fill
----------------------  --------  ---------  --------  --------  ----  --------
  SFR                   00000000   00000010  00000000  00000010  RWIX
  PERIPHERALS_8BIT      00000010   000000f0  00000000  000000f0  RWIX
  PERIPHERALS_16BIT     00000100   00000100  00000000  00000100  RWIX
  RAM                   00000200   00000200  0000007a  00000186  RWIX
  INFOD                 00001000   00000040  00000000  00000040  RWIX
  INFOC                 00001040   00000040  00000000  00000040  RWIX
  INFOB                 00001080   00000040  00000000  00000040  RWIX
  INFOA                 000010c0   00000040  00000000  00000040  RWIX
  FLASH                 0000c000   00003fde  0000112a  00002eb4  RWIX
  BSLSIGNATURE          0000ffde   00000002  00000002  00000000  RWIX  ffff 
  INT00                 0000ffe0   00000002  00000002  00000000  RWIX
  INT01                 0000ffe2   00000002  00000000  00000002  RWIX
  INT02                 0000ffe4   00000002  00000002  00000000  RWIX
  INT03                 0000ffe6   00000002  00000002  00000000  RWIX
  INT04                 0000ffe8   00000002  00000000  00000002  RWIX
  INT05                 0000ffea   00000002  00000002  00000000  RWIX
  INT06                 0000ffec   00000002  00000002  00000000  RWIX
  INT07                 0000ffee   00000002  00000002  00000000  RWIX
  INT08                 0000fff0   00000002  00000002  00000000  RWIX
  INT09                 0000fff2   00000002  00000002  00000000  RWIX
  INT10                 0000fff4   00000002  00000002  00000000  RWIX
  INT11                 0000fff6   00000002  00000002  00000000  RWIX
  INT12                 0000fff8   00000002  00000002  00000000  RWIX
  INT13                 0000fffa   00000002  00000002  00000000  RWIX
  INT14                 0000fffc   00000002  00000002  00000000  RWIX
  RESET                 0000fffe   00000002  00000002  00000000  RWIX


SECTION ALLOCATION MAP

 output                                  attributes/
section   page    origin      length       input sections
--------  ----  ----------  ----------   ----------------
.data      0    00000200    00000018     UNINITIALIZED
                  00000200    00000008     ColorLED.obj (.data:play_status)
                  00000208    00000007     ColorLED.obj (.data:led_status)
                  0000020f    00000001     --HOLE--
                  00000210    00000003     Advance.obj (.data:move_status)
                  00000213    00000001     --HOLE--
                  00000214    00000002     duoji.obj (.data)
                  00000216    00000002     main.obj (.data)

.bss       0    00000218    00000012     UNINITIALIZED
                  00000218    00000008     (.common:distance)
                  00000220    00000002     (.common:flag)
                  00000222    00000002     (.common:n)
                  00000224    00000002     (.common:result1_end)
                  00000226    00000002     (.common:result1_start)
                  00000228    00000002     (.common:temp)

.stack     0    000003b0    00000050     UNINITIALIZED
                  000003b0    00000002     rts430_eabi.lib : boot.obj (.stack)
                  000003b2    0000004e     --HOLE--

.text      0    0000c000    000010f8     
                  0000c000    000002f4     rts430_eabi.lib : frcmpyd.obj (.text:__TI_frcmpyd)
                  0000c2f4    0000026e                     : mpyd.obj (.text:__mspabi_mpyd)
                  0000c562    0000019a     duoji.obj (.text:display_SteerEngine)
                  0000c6fc    000000dc     rts430_eabi.lib : cmpd.obj (.text:__mspabi_cmpd)
                  0000c7d8    000000dc     main.obj (.text:main)
                  0000c8b4    000000d4     Ultrasound.obj (.text:TAIV_ISR)
                  0000c988    000000a4     hongwai.obj (.text:hongwai)
                  0000ca2c    000000a2     xunji.obj (.text:xunji)
                  0000cace    0000008a     rts430_eabi.lib : fltuld.obj (.text:__mspabi_fltuld)
                  0000cb58    0000007e     ColorLED.obj (.text:display_ColorLed)
                  0000cbd6    0000007a     Advance.obj (.text:Advance)
                  0000cc50    0000006e     rts430_eabi.lib : autoinit.obj (.text:_auto_init)
                  0000ccbe    00000064                     : copy_decompress_rle.obj (.text:__TI_decompress_rle_core)
                  0000cd22    0000005c                     : lsr32.obj (.text:l_lsr_const)
                  0000cd7e    0000005a                     : cpy_tbl.obj (.text:copy_in)
                  0000cdd8    00000050     duoji.obj (.text:reset_SteerEngine)
                  0000ce28    0000003e     rts430_eabi.lib : asr32.obj (.text:l_asr_const)
                  0000ce66    0000003e                     : lsl32.obj (.text:l_lsl_const)
                  0000cea4    0000002c     HC05.obj (.text:Init_HC05)
                  0000ced0    0000002c     rts430_eabi.lib : asr16.obj (.text)
                  0000cefc    0000002c                     : lsl16.obj (.text)
                  0000cf28    00000026                     : mult32.obj (.text)
                  0000cf4e    0000001a                     : boot_special.obj (.text:_c_int00_noargs_noexit)
                  0000cf68    0000001a     Advance.obj (.text:advance)
                  0000cf82    0000001a     Advance.obj (.text:advance_fast)
                  0000cf9c    00000018     HC05.obj (.text:UartGetchar)
                  0000cfb4    00000018     Advance.obj (.text:turnleft)
                  0000cfcc    00000018     Advance.obj (.text:turnright)
                  0000cfe4    00000016     Advance.obj (.text:xunjileft)
                  0000cffa    00000016     Advance.obj (.text:xunjiright)
                  0000d010    00000014     rts430_eabi.lib : mult16.obj (.text)
                  0000d024    00000012     HC05.obj (.text:UartGetchar1)
                  0000d036    00000012     Advance.obj (.text:advance_slow)
                  0000d048    00000012     rts430_eabi.lib : copy_decompress_none.obj (.text:decompress:none:__TI_decompress_none)
                  0000d05a    00000012     Advance.obj (.text:get_back)
                  0000d06c    00000012     rts430_eabi.lib : memcpy.obj (.text:memcpy)
                  0000d07e    00000012     Advance.obj (.text:stop)
                  0000d090    00000010     HC05.obj (.text:UartPutchar)
                  0000d0a0    00000010     rts430_eabi.lib : epilog.obj (.text)
                  0000d0b0    0000000e     Advance.obj (.text:setup1)
                  0000d0be    0000000e     Advance.obj (.text:setup2)
                  0000d0cc    00000008     rts430_eabi.lib : isr_trap.obj (.text:_isr:__TI_ISR_TRAP)
                  0000d0d4    00000006     Advance.obj (.text:Set_PWM1_Duty)
                  0000d0da    00000006     Advance.obj (.text:Set_PWM2_Duty)
                  0000d0e0    00000006     rts430_eabi.lib : fltud.obj (.text:__mspabi_fltud)
                  0000d0e6    00000006                     : exit.obj (.text:abort)
                  0000d0ec    00000006                     : copy_decompress_rle.obj (.text:decompress:rle24:__TI_decompress_rle24)
                  0000d0f2    00000004                     : pre_init.obj (.text:_system_pre_init)
                  0000d0f6    00000002                     : startup.obj (.text:_system_post_cinit)

.cinit     0    0000d0f8    00000032     
                  0000d0f8    0000001c     (.cinit..data.load) [load image]
                  0000d114    00000009     (.cinit..bss.load) [load image, compression = rle]
                  0000d11d    00000001     --HOLE-- [fill = 0]
                  0000d11e    00000004     (__TI_handler_table)
                  0000d122    00000008     (__TI_cinit_table)

.binit     0    0000c000    00000000     

.init_array 
*          0    0000c000    00000000     UNINITIALIZED

TRAPINT    0    0000ffe0    00000002     
                  0000ffe0    00000002     rts430_eabi.lib : int00.obj (.int00)

$fill000   0    0000ffde    00000002     
                  0000ffde    00000002     --HOLE-- [fill = ffff]

PORT1      0    0000ffe4    00000002     
                  0000ffe4    00000002     rts430_eabi.lib : int02.obj (.int02)

PORT2      0    0000ffe6    00000002     
                  0000ffe6    00000002     rts430_eabi.lib : int03.obj (.int03)

ADC10      0    0000ffea    00000002     
                  0000ffea    00000002     rts430_eabi.lib : int05.obj (.int05)

USCIAB0TX 
*          0    0000ffec    00000002     
                  0000ffec    00000002     rts430_eabi.lib : int06.obj (.int06)

USCIAB0RX 
*          0    0000ffee    00000002     
                  0000ffee    00000002     rts430_eabi.lib : int07.obj (.int07)

TIMER0_A1 
*          0    0000fff0    00000002     
                  0000fff0    00000002     rts430_eabi.lib : int08.obj (.int08)

TIMER0_A0 
*          0    0000fff2    00000002     
                  0000fff2    00000002     rts430_eabi.lib : int09.obj (.int09)

WDT        0    0000fff4    00000002     
                  0000fff4    00000002     rts430_eabi.lib : int10.obj (.int10)

COMPARATORA 
*          0    0000fff6    00000002     
                  0000fff6    00000002     rts430_eabi.lib : int11.obj (.int11)

TIMER1_A1 
*          0    0000fff8    00000002     
                  0000fff8    00000002     rts430_eabi.lib : int12.obj (.int12)

TIMER1_A0 
*          0    0000fffa    00000002     
                  0000fffa    00000002     Ultrasound.obj (.int13)

NMI        0    0000fffc    00000002     
                  0000fffc    00000002     rts430_eabi.lib : int14.obj (.int14)

.reset     0    0000fffe    00000002     
                  0000fffe    00000002     rts430_eabi.lib : boot.obj (.reset)

MODULE SUMMARY

       Module                     code   ro data   rw data
       ------                     ----   -------   -------
    .\
       duoji.obj                  490    0         2      
       Advance.obj                360    0         3      
       Ultrasound.obj             212    2         16     
       main.obj                   220    0         2      
       hongwai.obj                164    0         0      
       xunji.obj                  162    0         0      
       ColorLED.obj               126    0         17     
       HC05.obj                   102    0         0      
    +--+--------------------------+------+---------+---------+
       Total:                     1836   2         40     
                                                          
    C:\ti\ccsv6\tools\compiler\msp430_15.12.3.LTS\lib\rts430_eabi.lib
       frcmpyd.obj                756    0         0      
       mpyd.obj                   622    0         0      
       cmpd.obj                   220    0         0      
       fltuld.obj                 138    0         0      
       autoinit.obj               110    0         0      
       copy_decompress_rle.obj    106    0         0      
       lsr32.obj                  92     0         0      
       cpy_tbl.obj                90     0         0      
       asr32.obj                  62     0         0      
       lsl32.obj                  62     0         0      
       asr16.obj                  44     0         0      
       lsl16.obj                  44     0         0      
       mult32.obj                 38     0         0      
       boot_special.obj           26     0         0      
       mult16.obj                 20     0         0      
       copy_decompress_none.obj   18     0         0      
       memcpy.obj                 18     0         0      
       epilog.obj                 16     0         0      
       isr_trap.obj               8      0         0      
       exit.obj                   6      0         0      
       fltud.obj                  6      0         0      
       pre_init.obj               4      0         0      
       boot.obj                   0      2         0      
       int00.obj                  0      2         0      
       int02.obj                  0      2         0      
       int03.obj                  0      2         0      
       int05.obj                  0      2         0      
       int06.obj                  0      2         0      
       int07.obj                  0      2         0      
       int08.obj                  0      2         0      
       int09.obj                  0      2         0      
       int10.obj                  0      2         0      
       int11.obj                  0      2         0      
       int12.obj                  0      2         0      
       int14.obj                  0      2         0      
       startup.obj                2      0         0      
    +--+--------------------------+------+---------+---------+
       Total:                     2508   26        0      
                                                          
       Stack:                     0      0         80     
       Linker Generated:          0      49        0      
    +--+--------------------------+------+---------+---------+
       Grand Total:               4344   77        120    


LINKER GENERATED COPY TABLES

__TI_cinit_table @ 0000d122 records: 2, size/record: 4, table size: 8
	.data: load addr=0000d0f8, load size=0000001c bytes, run addr=00000200, run size=00000018 bytes, compression=copy
	.bss: load addr=0000d114, load size=00000009 bytes, run addr=00000218, run size=00000012 bytes, compression=rle


LINKER GENERATED HANDLER TABLE

__TI_handler_table @ 0000d11e records: 2, size/record: 2, table size: 4
	index: 0, handler: __TI_decompress_rle24
	index: 1, handler: __TI_decompress_none


GLOBAL SYMBOLS: SORTED ALPHABETICALLY BY Name 

address   name                    
-------   ----                    
0000004a  ADC10AE0                
000001b0  ADC10CTL0               
000001b2  ADC10CTL1               
00000048  ADC10DTC0               
00000049  ADC10DTC1               
000001b4  ADC10MEM                
000001bc  ADC10SA                 
0000cbd6  Advance                 
00000057  BCSCTL1                 
00000058  BCSCTL2                 
00000053  BCSCTL3                 
0000d0e6  C$$EXIT                 
00000059  CACTL1                  
0000005a  CACTL2                  
000010fb  CALBC1_12MHZ            
000010f9  CALBC1_16MHZ            
000010ff  CALBC1_1MHZ             
000010fd  CALBC1_8MHZ             
000010fa  CALDCO_12MHZ            
000010f8  CALDCO_16MHZ            
000010fe  CALDCO_1MHZ             
000010fc  CALDCO_8MHZ             
0000005b  CAPD                    
00000056  DCOCTL                  
00000128  FCTL1                   
0000012a  FCTL2                   
0000012c  FCTL3                   
00000000  IE1                     
00000001  IE2                     
00000002  IFG1                    
00000003  IFG2                    
0000cea4  Init_HC05               
00000022  P1DIR                   
00000025  P1IE                    
00000024  P1IES                   
00000023  P1IFG                   
00000020  P1IN                    
00000021  P1OUT                   
00000027  P1REN                   
00000026  P1SEL                   
00000041  P1SEL2                  
0000002a  P2DIR                   
0000002d  P2IE                    
0000002c  P2IES                   
0000002b  P2IFG                   
00000028  P2IN                    
00000029  P2OUT                   
0000002f  P2REN                   
0000002e  P2SEL                   
00000042  P2SEL2                  
0000001a  P3DIR                   
00000018  P3IN                    
00000019  P3OUT                   
00000010  P3REN                   
0000001b  P3SEL                   
00000043  P3SEL2                  
00000214  PWM_P                   
0000d0d4  Set_PWM1_Duty           
0000d0da  Set_PWM2_Duty           
00000172  TA0CCR0                 
00000174  TA0CCR1                 
00000176  TA0CCR2                 
00000162  TA0CCTL0                
00000164  TA0CCTL1                
00000166  TA0CCTL2                
00000160  TA0CTL                  
0000012e  TA0IV                   
00000170  TA0R                    
00000192  TA1CCR0                 
00000194  TA1CCR1                 
00000196  TA1CCR2                 
00000182  TA1CCTL0                
00000184  TA1CCTL1                
00000186  TA1CCTL2                
00000180  TA1CTL                  
0000011e  TA1IV                   
00000190  TA1R                    
0000c8b4  TAIV_ISR                
000010db  TLV_ADC10_1_LEN         
000010da  TLV_ADC10_1_TAG         
000010c0  TLV_CHECKSUM            
000010f7  TLV_DCO_30_LEN          
000010f6  TLV_DCO_30_TAG          
0000005d  UCA0ABCTL               
00000062  UCA0BR0                 
00000063  UCA0BR1                 
00000060  UCA0CTL0                
00000061  UCA0CTL1                
0000005f  UCA0IRRCTL              
0000005e  UCA0IRTCTL              
00000064  UCA0MCTL                
00000066  UCA0RXBUF               
00000065  UCA0STAT                
00000067  UCA0TXBUF               
0000006a  UCB0BR0                 
0000006b  UCB0BR1                 
00000068  UCB0CTL0                
00000069  UCB0CTL1                
0000006c  UCB0I2CIE               
00000118  UCB0I2COA               
0000011a  UCB0I2CSA               
0000006e  UCB0RXBUF               
0000006d  UCB0STAT                
0000006f  UCB0TXBUF               
0000cf9c  UartGetchar             
0000d024  UartGetchar1            
0000d090  UartPutchar             
00000120  WDTCTL                  
00000400  __STACK_END             
00000050  __STACK_SIZE            
UNDEFED   __TI_BINIT_Base         
UNDEFED   __TI_BINIT_Limit        
0000d122  __TI_CINIT_Base         
0000d12a  __TI_CINIT_Limit        
0000d11e  __TI_Handler_Table_Base 
0000d122  __TI_Handler_Table_Limit
UNDEFED   __TI_INITARRAY_Base     
UNDEFED   __TI_INITARRAY_Limit    
0000d0cc  __TI_ISR_TRAP           
0000d048  __TI_decompress_none    
0000d0ec  __TI_decompress_rle24   
0000c000  __TI_frcmpyd            
0000ffe0  __TI_int00              
0000ffe4  __TI_int02              
0000ffe6  __TI_int03              
0000ffea  __TI_int05              
0000ffec  __TI_int06              
0000ffee  __TI_int07              
0000fff0  __TI_int08              
0000fff2  __TI_int09              
0000fff4  __TI_int10              
0000fff6  __TI_int11              
0000fff8  __TI_int12              
0000fffa  __TI_int13              
0000fffc  __TI_int14              
ffffffff  __TI_pprof_out_hndl     
ffffffff  __TI_prof_data_size     
ffffffff  __TI_prof_data_start    
ffffffff  __c_args__              
0000c6fc  __mspabi_cmpd           
0000d0e0  __mspabi_fltud          
0000cace  __mspabi_fltuld         
0000d0ac  __mspabi_func_epilog_1  
0000d0aa  __mspabi_func_epilog_2  
0000d0a8  __mspabi_func_epilog_3  
0000d0a6  __mspabi_func_epilog_4  
0000d0a4  __mspabi_func_epilog_5  
0000d0a2  __mspabi_func_epilog_6  
0000d0a0  __mspabi_func_epilog_7  
0000c2f4  __mspabi_mpyd           
0000d010  __mspabi_mpyi           
0000d010  __mspabi_mpyi_sw        
0000cf28  __mspabi_mpyl           
0000cf28  __mspabi_mpyl_sw        
0000cefc  __mspabi_slli           
0000cf24  __mspabi_slli_1         
0000cf12  __mspabi_slli_10        
0000cf10  __mspabi_slli_11        
0000cf0e  __mspabi_slli_12        
0000cf0c  __mspabi_slli_13        
0000cf0a  __mspabi_slli_14        
0000cf08  __mspabi_slli_15        
0000cf22  __mspabi_slli_2         
0000cf20  __mspabi_slli_3         
0000cf1e  __mspabi_slli_4         
0000cf1c  __mspabi_slli_5         
0000cf1a  __mspabi_slli_6         
0000cf18  __mspabi_slli_7         
0000cf16  __mspabi_slli_8         
0000cf14  __mspabi_slli_9         
0000ce9e  __mspabi_slll_1         
0000ce7a  __mspabi_slll_10        
0000ce76  __mspabi_slll_11        
0000ce72  __mspabi_slll_12        
0000ce6e  __mspabi_slll_13        
0000ce6a  __mspabi_slll_14        
0000ce66  __mspabi_slll_15        
0000ce9a  __mspabi_slll_2         
0000ce96  __mspabi_slll_3         
0000ce92  __mspabi_slll_4         
0000ce8e  __mspabi_slll_5         
0000ce8a  __mspabi_slll_6         
0000ce86  __mspabi_slll_7         
0000ce82  __mspabi_slll_8         
0000ce7e  __mspabi_slll_9         
0000ced0  __mspabi_srai           
0000cef8  __mspabi_srai_1         
0000cee6  __mspabi_srai_10        
0000cee4  __mspabi_srai_11        
0000cee2  __mspabi_srai_12        
0000cee0  __mspabi_srai_13        
0000cede  __mspabi_srai_14        
0000cedc  __mspabi_srai_15        
0000cef6  __mspabi_srai_2         
0000cef4  __mspabi_srai_3         
0000cef2  __mspabi_srai_4         
0000cef0  __mspabi_srai_5         
0000ceee  __mspabi_srai_6         
0000ceec  __mspabi_srai_7         
0000ceea  __mspabi_srai_8         
0000cee8  __mspabi_srai_9         
0000ce60  __mspabi_sral_1         
0000ce3c  __mspabi_sral_10        
0000ce38  __mspabi_sral_11        
0000ce34  __mspabi_sral_12        
0000ce30  __mspabi_sral_13        
0000ce2c  __mspabi_sral_14        
0000ce28  __mspabi_sral_15        
0000ce5c  __mspabi_sral_2         
0000ce58  __mspabi_sral_3         
0000ce54  __mspabi_sral_4         
0000ce50  __mspabi_sral_5         
0000ce4c  __mspabi_sral_6         
0000ce48  __mspabi_sral_7         
0000ce44  __mspabi_sral_8         
0000ce40  __mspabi_sral_9         
0000cd76  __mspabi_srll_1         
0000cd40  __mspabi_srll_10        
0000cd3a  __mspabi_srll_11        
0000cd34  __mspabi_srll_12        
0000cd2e  __mspabi_srll_13        
0000cd28  __mspabi_srll_14        
0000cd22  __mspabi_srll_15        
0000cd70  __mspabi_srll_2         
0000cd6a  __mspabi_srll_3         
0000cd64  __mspabi_srll_4         
0000cd5e  __mspabi_srll_5         
0000cd58  __mspabi_srll_6         
0000cd52  __mspabi_srll_7         
0000cd4c  __mspabi_srll_8         
0000cd46  __mspabi_srll_9         
0000cc50  _auto_init              
0000cf4e  _c_int00_noargs_noexit  
0000fffe  _reset_vector           
000003b0  _stack                  
0000d0f6  _system_post_cinit      
0000d0f2  _system_pre_init        
0000d0e6  abort                   
0000cf68  advance                 
0000cf82  advance_fast            
0000d036  advance_slow            
0000cd7e  copy_in                 
0000cb58  display_ColorLed        
0000c562  display_SteerEngine     
00000218  distance                
00000220  flag                    
0000d05a  get_back                
0000c988  hongwai                 
00000208  led_status              
0000c7d8  main                    
0000d06c  memcpy                  
00000210  move_status             
00000222  n                       
00000200  play_status             
0000cdd8  reset_SteerEngine       
00000224  result1_end             
00000226  result1_start           
0000d0b0  setup1                  
0000d0be  setup2                  
0000d07e  stop                    
00000228  temp                    
00000217  temp_num                
00000216  temp_value              
0000cfb4  turnleft                
0000cfcc  turnright               
0000ca2c  xunji                   
0000cfe4  xunjileft               
0000cffa  xunjiright              


GLOBAL SYMBOLS: SORTED BY Symbol Address 

address   name                    
-------   ----                    
00000000  IE1                     
00000001  IE2                     
00000002  IFG1                    
00000003  IFG2                    
00000010  P3REN                   
00000018  P3IN                    
00000019  P3OUT                   
0000001a  P3DIR                   
0000001b  P3SEL                   
00000020  P1IN                    
00000021  P1OUT                   
00000022  P1DIR                   
00000023  P1IFG                   
00000024  P1IES                   
00000025  P1IE                    
00000026  P1SEL                   
00000027  P1REN                   
00000028  P2IN                    
00000029  P2OUT                   
0000002a  P2DIR                   
0000002b  P2IFG                   
0000002c  P2IES                   
0000002d  P2IE                    
0000002e  P2SEL                   
0000002f  P2REN                   
00000041  P1SEL2                  
00000042  P2SEL2                  
00000043  P3SEL2                  
00000048  ADC10DTC0               
00000049  ADC10DTC1               
0000004a  ADC10AE0                
00000050  __STACK_SIZE            
00000053  BCSCTL3                 
00000056  DCOCTL                  
00000057  BCSCTL1                 
00000058  BCSCTL2                 
00000059  CACTL1                  
0000005a  CACTL2                  
0000005b  CAPD                    
0000005d  UCA0ABCTL               
0000005e  UCA0IRTCTL              
0000005f  UCA0IRRCTL              
00000060  UCA0CTL0                
00000061  UCA0CTL1                
00000062  UCA0BR0                 
00000063  UCA0BR1                 
00000064  UCA0MCTL                
00000065  UCA0STAT                
00000066  UCA0RXBUF               
00000067  UCA0TXBUF               
00000068  UCB0CTL0                
00000069  UCB0CTL1                
0000006a  UCB0BR0                 
0000006b  UCB0BR1                 
0000006c  UCB0I2CIE               
0000006d  UCB0STAT                
0000006e  UCB0RXBUF               
0000006f  UCB0TXBUF               
00000118  UCB0I2COA               
0000011a  UCB0I2CSA               
0000011e  TA1IV                   
00000120  WDTCTL                  
00000128  FCTL1                   
0000012a  FCTL2                   
0000012c  FCTL3                   
0000012e  TA0IV                   
00000160  TA0CTL                  
00000162  TA0CCTL0                
00000164  TA0CCTL1                
00000166  TA0CCTL2                
00000170  TA0R                    
00000172  TA0CCR0                 
00000174  TA0CCR1                 
00000176  TA0CCR2                 
00000180  TA1CTL                  
00000182  TA1CCTL0                
00000184  TA1CCTL1                
00000186  TA1CCTL2                
00000190  TA1R                    
00000192  TA1CCR0                 
00000194  TA1CCR1                 
00000196  TA1CCR2                 
000001b0  ADC10CTL0               
000001b2  ADC10CTL1               
000001b4  ADC10MEM                
000001bc  ADC10SA                 
00000200  play_status             
00000208  led_status              
00000210  move_status             
00000214  PWM_P                   
00000216  temp_value              
00000217  temp_num                
00000218  distance                
00000220  flag                    
00000222  n                       
00000224  result1_end             
00000226  result1_start           
00000228  temp                    
000003b0  _stack                  
00000400  __STACK_END             
000010c0  TLV_CHECKSUM            
000010da  TLV_ADC10_1_TAG         
000010db  TLV_ADC10_1_LEN         
000010f6  TLV_DCO_30_TAG          
000010f7  TLV_DCO_30_LEN          
000010f8  CALDCO_16MHZ            
000010f9  CALBC1_16MHZ            
000010fa  CALDCO_12MHZ            
000010fb  CALBC1_12MHZ            
000010fc  CALDCO_8MHZ             
000010fd  CALBC1_8MHZ             
000010fe  CALDCO_1MHZ             
000010ff  CALBC1_1MHZ             
0000c000  __TI_frcmpyd            
0000c2f4  __mspabi_mpyd           
0000c562  display_SteerEngine     
0000c6fc  __mspabi_cmpd           
0000c7d8  main                    
0000c8b4  TAIV_ISR                
0000c988  hongwai                 
0000ca2c  xunji                   
0000cace  __mspabi_fltuld         
0000cb58  display_ColorLed        
0000cbd6  Advance                 
0000cc50  _auto_init              
0000cd22  __mspabi_srll_15        
0000cd28  __mspabi_srll_14        
0000cd2e  __mspabi_srll_13        
0000cd34  __mspabi_srll_12        
0000cd3a  __mspabi_srll_11        
0000cd40  __mspabi_srll_10        
0000cd46  __mspabi_srll_9         
0000cd4c  __mspabi_srll_8         
0000cd52  __mspabi_srll_7         
0000cd58  __mspabi_srll_6         
0000cd5e  __mspabi_srll_5         
0000cd64  __mspabi_srll_4         
0000cd6a  __mspabi_srll_3         
0000cd70  __mspabi_srll_2         
0000cd76  __mspabi_srll_1         
0000cd7e  copy_in                 
0000cdd8  reset_SteerEngine       
0000ce28  __mspabi_sral_15        
0000ce2c  __mspabi_sral_14        
0000ce30  __mspabi_sral_13        
0000ce34  __mspabi_sral_12        
0000ce38  __mspabi_sral_11        
0000ce3c  __mspabi_sral_10        
0000ce40  __mspabi_sral_9         
0000ce44  __mspabi_sral_8         
0000ce48  __mspabi_sral_7         
0000ce4c  __mspabi_sral_6         
0000ce50  __mspabi_sral_5         
0000ce54  __mspabi_sral_4         
0000ce58  __mspabi_sral_3         
0000ce5c  __mspabi_sral_2         
0000ce60  __mspabi_sral_1         
0000ce66  __mspabi_slll_15        
0000ce6a  __mspabi_slll_14        
0000ce6e  __mspabi_slll_13        
0000ce72  __mspabi_slll_12        
0000ce76  __mspabi_slll_11        
0000ce7a  __mspabi_slll_10        
0000ce7e  __mspabi_slll_9         
0000ce82  __mspabi_slll_8         
0000ce86  __mspabi_slll_7         
0000ce8a  __mspabi_slll_6         
0000ce8e  __mspabi_slll_5         
0000ce92  __mspabi_slll_4         
0000ce96  __mspabi_slll_3         
0000ce9a  __mspabi_slll_2         
0000ce9e  __mspabi_slll_1         
0000cea4  Init_HC05               
0000ced0  __mspabi_srai           
0000cedc  __mspabi_srai_15        
0000cede  __mspabi_srai_14        
0000cee0  __mspabi_srai_13        
0000cee2  __mspabi_srai_12        
0000cee4  __mspabi_srai_11        
0000cee6  __mspabi_srai_10        
0000cee8  __mspabi_srai_9         
0000ceea  __mspabi_srai_8         
0000ceec  __mspabi_srai_7         
0000ceee  __mspabi_srai_6         
0000cef0  __mspabi_srai_5         
0000cef2  __mspabi_srai_4         
0000cef4  __mspabi_srai_3         
0000cef6  __mspabi_srai_2         
0000cef8  __mspabi_srai_1         
0000cefc  __mspabi_slli           
0000cf08  __mspabi_slli_15        
0000cf0a  __mspabi_slli_14        
0000cf0c  __mspabi_slli_13        
0000cf0e  __mspabi_slli_12        
0000cf10  __mspabi_slli_11        
0000cf12  __mspabi_slli_10        
0000cf14  __mspabi_slli_9         
0000cf16  __mspabi_slli_8         
0000cf18  __mspabi_slli_7         
0000cf1a  __mspabi_slli_6         
0000cf1c  __mspabi_slli_5         
0000cf1e  __mspabi_slli_4         
0000cf20  __mspabi_slli_3         
0000cf22  __mspabi_slli_2         
0000cf24  __mspabi_slli_1         
0000cf28  __mspabi_mpyl           
0000cf28  __mspabi_mpyl_sw        
0000cf4e  _c_int00_noargs_noexit  
0000cf68  advance                 
0000cf82  advance_fast            
0000cf9c  UartGetchar             
0000cfb4  turnleft                
0000cfcc  turnright               
0000cfe4  xunjileft               
0000cffa  xunjiright              
0000d010  __mspabi_mpyi           
0000d010  __mspabi_mpyi_sw        
0000d024  UartGetchar1            
0000d036  advance_slow            
0000d048  __TI_decompress_none    
0000d05a  get_back                
0000d06c  memcpy                  
0000d07e  stop                    
0000d090  UartPutchar             
0000d0a0  __mspabi_func_epilog_7  
0000d0a2  __mspabi_func_epilog_6  
0000d0a4  __mspabi_func_epilog_5  
0000d0a6  __mspabi_func_epilog_4  
0000d0a8  __mspabi_func_epilog_3  
0000d0aa  __mspabi_func_epilog_2  
0000d0ac  __mspabi_func_epilog_1  
0000d0b0  setup1                  
0000d0be  setup2                  
0000d0cc  __TI_ISR_TRAP           
0000d0d4  Set_PWM1_Duty           
0000d0da  Set_PWM2_Duty           
0000d0e0  __mspabi_fltud          
0000d0e6  C$$EXIT                 
0000d0e6  abort                   
0000d0ec  __TI_decompress_rle24   
0000d0f2  _system_pre_init        
0000d0f6  _system_post_cinit      
0000d11e  __TI_Handler_Table_Base 
0000d122  __TI_CINIT_Base         
0000d122  __TI_Handler_Table_Limit
0000d12a  __TI_CINIT_Limit        
0000ffe0  __TI_int00              
0000ffe4  __TI_int02              
0000ffe6  __TI_int03              
0000ffea  __TI_int05              
0000ffec  __TI_int06              
0000ffee  __TI_int07              
0000fff0  __TI_int08              
0000fff2  __TI_int09              
0000fff4  __TI_int10              
0000fff6  __TI_int11              
0000fff8  __TI_int12              
0000fffa  __TI_int13              
0000fffc  __TI_int14              
0000fffe  _reset_vector           
ffffffff  __TI_pprof_out_hndl     
ffffffff  __TI_prof_data_size     
ffffffff  __TI_prof_data_start    
ffffffff  __c_args__              
UNDEFED   __TI_BINIT_Base         
UNDEFED   __TI_BINIT_Limit        
UNDEFED   __TI_INITARRAY_Base     
UNDEFED   __TI_INITARRAY_Limit    

[268 symbols]
